[scenario-loader] "attack_objective_draft-79" loaded with 5 warning(s):
  - steps: count 4 deviates from wargame1/2 norm (12); valid but off-pattern
  - bls_template: count 1 deviates from wargame1/2 norm (4); valid but off-pattern
  - red_units: count 2 deviates from wargame1/2 norm (11); valid but off-pattern
  - blue_units_initial: count 11 deviates from wargame1/2 norm (39); valid but off-pattern
  - pipeline: count 3 deviates from wargame1/2 norm (15); valid but off-pattern
[scenario-loader] "attack_objective_draft-80" loaded with 5 warning(s):
  - steps: count 4 deviates from wargame1/2 norm (12); valid but off-pattern
  - bls_template: count 1 deviates from wargame1/2 norm (4); valid but off-pattern
  - red_units: count 18 deviates from wargame1/2 norm (11); valid but off-pattern
  - blue_units_initial: count 85 deviates from wargame1/2 norm (39); valid but off-pattern
  - pipeline: count 3 deviates from wargame1/2 norm (15); valid but off-pattern
[scenario-loader] "attack_objective_draft-80" loaded with 5 warning(s):
  - steps: count 4 deviates from wargame1/2 norm (12); valid but off-pattern
  - bls_template: count 1 deviates from wargame1/2 norm (4); valid but off-pattern
  - red_units: count 18 deviates from wargame1/2 norm (11); valid but off-pattern
  - blue_units_initial: count 85 deviates from wargame1/2 norm (39); valid but off-pattern
  - pipeline: count 3 deviates from wargame1/2 norm (15); valid but off-pattern
[scenario-loader] "attack_objective_draft-81" loaded with 5 warning(s):
  - steps: count 4 deviates from wargame1/2 norm (12); valid but off-pattern
  - bls_template: count 1 deviates from wargame1/2 norm (4); valid but off-pattern
  - red_units: count 2 deviates from wargame1/2 norm (11); valid but off-pattern
  - blue_units_initial: count 11 deviates from wargame1/2 norm (39); valid but off-pattern
  - pipeline: count 3 deviates from wargame1/2 norm (15); valid but off-pattern
[scenario-loader] "attack_objective_draft-81" loaded with 5 warning(s):
  - steps: count 4 deviates from wargame1/2 norm (12); valid but off-pattern
  - bls_template: count 1 deviates from wargame1/2 norm (4); valid but off-pattern
  - red_units: count 2 deviates from wargame1/2 norm (11); valid but off-pattern
  - blue_units_initial: count 11 deviates from wargame1/2 norm (39); valid but off-pattern
  - pipeline: count 3 deviates from wargame1/2 norm (15); valid but off-pattern
[scenario-loader] "attack_objective_draft-82" loaded with 5 warning(s):
  - steps: count 4 deviates from wargame1/2 norm (12); valid but off-pattern
  - bls_template: count 1 deviates from wargame1/2 norm (4); valid but off-pattern
  - red_units: count 18 deviates from wargame1/2 norm (11); valid but off-pattern
  - blue_units_initial: count 85 deviates from wargame1/2 norm (39); valid but off-pattern
  - pipeline: count 3 deviates from wargame1/2 norm (15); valid but off-pattern
[scenario-loader] "attack_objective_draft-82" loaded with 5 warning(s):
  - steps: count 4 deviates from wargame1/2 norm (12); valid but off-pattern
  - bls_template: count 1 deviates from wargame1/2 norm (4); valid but off-pattern
  - red_units: count 18 deviates from wargame1/2 norm (11); valid but off-pattern
  - blue_units_initial: count 85 deviates from wargame1/2 norm (39); valid but off-pattern
  - pipeline: count 3 deviates from wargame1/2 norm (15); valid but off-pattern
[scenario-loader] "attack_objective_draft-82" loaded with 5 warning(s):
  - steps: count 4 deviates from wargame1/2 norm (12); valid but off-pattern
  - bls_template: count 1 deviates from wargame1/2 norm (4); valid but off-pattern
  - red_units: count 18 deviates from wargame1/2 norm (11); valid but off-pattern
  - blue_units_initial: count 85 deviates from wargame1/2 norm (39); valid but off-pattern
  - pipeline: count 3 deviates from wargame1/2 norm (15); valid but off-pattern
[scenario-loader] "attack_objective_draft-83" loaded with 5 warning(s):
  - steps: count 4 deviates from wargame1/2 norm (12); valid but off-pattern
  - bls_template: count 1 deviates from wargame1/2 norm (4); valid but off-pattern
  - red_units: count 2 deviates from wargame1/2 norm (11); valid but off-pattern
  - blue_units_initial: count 11 deviates from wargame1/2 norm (39); valid but off-pattern
  - pipeline: count 3 deviates from wargame1/2 norm (15); valid but off-pattern
[scenario-loader] "attack_objective_draft-83" loaded with 5 warning(s):
  - steps: count 4 deviates from wargame1/2 norm (12); valid but off-pattern
  - bls_template: count 1 deviates from wargame1/2 norm (4); valid but off-pattern
  - red_units: count 2 deviates from wargame1/2 norm (11); valid but off-pattern
  - blue_units_initial: count 11 deviates from wargame1/2 norm (39); valid but off-pattern
  - pipeline: count 3 deviates from wargame1/2 norm (15); valid but off-pattern
[scenario-loader] "attack_objective_draft-84" loaded with 5 warning(s):
  - steps: count 4 deviates from wargame1/2 norm (12); valid but off-pattern
  - bls_template: count 1 deviates from wargame1/2 norm (4); valid but off-pattern
  - red_units: count 18 deviates from wargame1/2 norm (11); valid but off-pattern
  - blue_units_initial: count 85 deviates from wargame1/2 norm (39); valid but off-pattern
  - pipeline: count 3 deviates from wargame1/2 norm (15); valid but off-pattern
[scenario-loader] "attack_objective_draft-84" loaded with 5 warning(s):
  - steps: count 4 deviates from wargame1/2 norm (12); valid but off-pattern
  - bls_template: count 1 deviates from wargame1/2 norm (4); valid but off-pattern
  - red_units: count 18 deviates from wargame1/2 norm (11); valid but off-pattern
  - blue_units_initial: count 85 deviates from wargame1/2 norm (39); valid but off-pattern
  - pipeline: count 3 deviates from wargame1/2 norm (15); valid but off-pattern
[scenario-loader] "attack_objective_draft-85" loaded with 5 warning(s):
  - steps: count 4 deviates from wargame1/2 norm (12); valid but off-pattern
  - bls_template: count 1 deviates from wargame1/2 norm (4); valid but off-pattern
  - red_units: count 18 deviates from wargame1/2 norm (11); valid but off-pattern
  - blue_units_initial: count 85 deviates from wargame1/2 norm (39); valid but off-pattern
  - pipeline: count 3 deviates from wargame1/2 norm (15); valid but off-pattern
[scenario-loader] "attack_objective_draft-85" loaded with 5 warning(s):
  - steps: count 4 deviates from wargame1/2 norm (12); valid but off-pattern
  - bls_template: count 1 deviates from wargame1/2 norm (4); valid but off-pattern
  - red_units: count 18 deviates from wargame1/2 norm (11); valid but off-pattern
  - blue_units_initial: count 85 deviates from wargame1/2 norm (39); valid but off-pattern
  - pipeline: count 3 deviates from wargame1/2 norm (15); valid but off-pattern
[scenario-loader] "attack_objective_draft-86" loaded with 5 warning(s):
  - steps: count 4 deviates from wargame1/2 norm (12); valid but off-pattern
  - bls_template: count 1 deviates from wargame1/2 norm (4); valid but off-pattern
  - red_units: count 18 deviates from wargame1/2 norm (11); valid but off-pattern
  - blue_units_initial: count 85 deviates from wargame1/2 norm (39); valid but off-pattern
  - pipeline: count 3 deviates from wargame1/2 norm (15); valid but off-pattern
[scenario-loader] "attack_objective_draft-86" loaded with 5 warning(s):
  - steps: count 4 deviates from wargame1/2 norm (12); valid but off-pattern
  - bls_template: count 1 deviates from wargame1/2 norm (4); valid but off-pattern
  - red_units: count 18 deviates from wargame1/2 norm (11); valid but off-pattern
  - blue_units_initial: count 85 deviates from wargame1/2 norm (39); valid but off-pattern
  - pipeline: count 3 deviates from wargame1/2 norm (15); valid but off-pattern
[scenario-loader] "attack_objective_draft-86" loaded with 5 warning(s):
  - steps: count 4 deviates from wargame1/2 norm (12); valid but off-pattern
  - bls_template: count 1 deviates from wargame1/2 norm (4); valid but off-pattern
  - red_units: count 18 deviates from wargame1/2 norm (11); valid but off-pattern
  - blue_units_initial: count 85 deviates from wargame1/2 norm (39); valid but off-pattern
  - pipeline: count 3 deviates from wargame1/2 norm (15); valid but off-pattern
[scenario-loader] "attack_objective_draft-87" loaded with 5 warning(s):
  - steps: count 4 deviates from wargame1/2 norm (12); valid but off-pattern
  - bls_template: count 1 deviates from wargame1/2 norm (4); valid but off-pattern
  - red_units: count 18 deviates from wargame1/2 norm (11); valid but off-pattern
  - blue_units_initial: count 85 deviates from wargame1/2 norm (39); valid but off-pattern
  - pipeline: count 3 deviates from wargame1/2 norm (15); valid but off-pattern
[scenario-loader] "attack_objective_draft-87" loaded with 5 warning(s):
  - steps: count 4 deviates from wargame1/2 norm (12); valid but off-pattern
  - bls_template: count 1 deviates from wargame1/2 norm (4); valid but off-pattern
  - red_units: count 18 deviates from wargame1/2 norm (11); valid but off-pattern
  - blue_units_initial: count 85 deviates from wargame1/2 norm (39); valid but off-pattern
  - pipeline: count 3 deviates from wargame1/2 norm (15); valid but off-pattern
