[scenario-loader] "attack_objective_draft-91" loaded with 5 warning(s):
  - steps: count 4 deviates from wargame1/2 norm (12); valid but off-pattern
  - bls_template: count 1 deviates from wargame1/2 norm (4); valid but off-pattern
  - red_units: count 18 deviates from wargame1/2 norm (11); valid but off-pattern
  - blue_units_initial: count 85 deviates from wargame1/2 norm (39); valid but off-pattern
  - pipeline: count 3 deviates from wargame1/2 norm (15); valid but off-pattern
[scenario-loader] "attack_objective_draft-91" loaded with 5 warning(s):
  - steps: count 4 deviates from wargame1/2 norm (12); valid but off-pattern
  - bls_template: count 1 deviates from wargame1/2 norm (4); valid but off-pattern
  - red_units: count 18 deviates from wargame1/2 norm (11); valid but off-pattern
  - blue_units_initial: count 85 deviates from wargame1/2 norm (39); valid but off-pattern
  - pipeline: count 3 deviates from wargame1/2 norm (15); valid but off-pattern
[scenario-loader] "attack_objective_draft-92" loaded with 5 warning(s):
  - steps: count 4 deviates from wargame1/2 norm (12); valid but off-pattern
  - bls_template: count 1 deviates from wargame1/2 norm (4); valid but off-pattern
  - red_units: count 18 deviates from wargame1/2 norm (11); valid but off-pattern
  - blue_units_initial: count 85 deviates from wargame1/2 norm (39); valid but off-pattern
  - pipeline: count 3 deviates from wargame1/2 norm (15); valid but off-pattern
[scenario-loader] "attack_objective_draft-92" loaded with 5 warning(s):
  - steps: count 4 deviates from wargame1/2 norm (12); valid but off-pattern
  - bls_template: count 1 deviates from wargame1/2 norm (4); valid but off-pattern
  - red_units: count 18 deviates from wargame1/2 norm (11); valid but off-pattern
  - blue_units_initial: count 85 deviates from wargame1/2 norm (39); valid but off-pattern
  - pipeline: count 3 deviates from wargame1/2 norm (15); valid but off-pattern
